// Jest Snapshot v1, https://goo.gl/fbAQLP

exports[`renders App snapshot 1`] = `
<DocumentFragment>
  <div>
    <div
      class="container my-4"
    >
      <div
        class="row"
      >
        <div
          class="col-md-6 offset-md-3"
        >
          <div
            class="card"
          >
            <div
              class="card-body"
            >
              <h2
                class="card-title mb-4 text-center"
              >
                Register
              </h2>
              <form>
                <div
                  class="mb-3"
                >
                  <label
                    class="form-label"
                    for="registration-name"
                  >
                    Name:
                  </label>
                  <input
                    class="form-control"
                    id="registration-name"
                    placeholder="Enter your name"
                    required=""
                    type="text"
                    value=""
                  />
                </div>
                <div
                  class="mb-3"
                >
                  <label
                    class="form-label"
                    for="registration-surname"
                  >
                    Surname:
                  </label>
                  <input
                    class="form-control"
                    id="registration-surname"
                    placeholder="Enter your surname"
                    required=""
                    type="text"
                    value=""
                  />
                </div>
                <div
                  class="mb-3"
                >
                  <label
                    class="form-label"
                    for="registration-email"
                  >
                    Email:
                  </label>
                  <input
                    class="form-control"
                    id="registration-email"
                    placeholder="Enter your email"
                    required=""
                    type="email"
                    value=""
                  />
                </div>
                <div
                  class="mb-3"
                >
                  <label
                    class="form-label"
                    for="registration-password"
                  >
                    Password:
                  </label>
                  <input
                    class="form-control"
                    id="registration-password"
                    placeholder="Create a password"
                    required=""
                    type="password"
                    value=""
                  />
                </div>
                <button
                  class="btn btn-primary w-100"
                  type="button"
                >
                  Register
                </button>
              </form>
            </div>
          </div>
        </div>
      </div>
    </div>
    <div
      class="container my-4"
    >
      <div
        class="row"
      >
        <div
          class="col-md-6 offset-md-3"
        >
          <div
            class="card"
          >
            <div
              class="card-body"
            >
              <h2
                class="card-title mb-4 text-center"
              >
                Login
              </h2>
              <form>
                <div
                  class="mb-3"
                >
                  <label
                    class="form-label"
                    for="login-email"
                  >
                    Email:
                  </label>
                  <input
                    class="form-control"
                    id="login-email"
                    placeholder="Enter your email"
                    required=""
                    type="email"
                    value=""
                  />
                </div>
                <div
                  class="mb-3"
                >
                  <label
                    class="form-label"
                    for="login-password"
                  >
                    Password:
                  </label>
                  <input
                    class="form-control"
                    id="login-password"
                    placeholder="Enter your password"
                    required=""
                    type="password"
                    value=""
                  />
                </div>
                <button
                  class="btn btn-primary w-100"
                  type="submit"
                >
                  Login
                </button>
              </form>
            </div>
          </div>
        </div>
      </div>
    </div>
  </div>
</DocumentFragment>
`;
